#
#  First Encounter stream out layer mapping
#  target library: fsc0h_d
#
contact via 39 0
via via 47 0
via2 via 49 0
via3 via 51 0
via4 via 53 0
via4a via 152 0
via4b via 143 0
via5 via 55 0
via5a via 153 0
via5b via 142 0
via6 via 57 0
via6b via 154 0
via7 via 59 0
via7b via 155 0
tmv via 66 0
metal1 net 46 0
metal1 via 46 0
metal1 spnet 46 0
metal1 pin 46 0
metal1 fill 46 0
metal2 net 48 0
metal2 via 48 0
metal2 spnet 48 0
metal2 pin 48 0
metal2 fill 48 0
metal3 net 50 0
metal3 via 50 0
metal3 spnet 50 0
metal3 pin 50 0
metal3 fill 50 0
metal4 net 52 0
metal4 via 52 0
metal4 spnet 52 0
metal4 pin 52 0
metal4 fill 52 0
metal5 net 54 0
metal5 via 54 0
metal5 spnet 54 0
metal5 pin 54 0
metal5 fill 54 0
metal6 net 56 0
metal6 via 56 0
metal6 spnet 56 0
metal6 pin 56 0
metal6 fill 56 0
metal7 net 58 0
metal7 via 58 0
metal7 spnet 58 0
metal7 pin 58 0
metal7 fill 58 0
metal8 net 60 0
metal8 via 60 0
metal8 spnet 60 0
metal8 pin 60 0
metal8 fill 60 0
alpad net 67 0
alpad via 67 0
alpad spnet 67 0
alpad pin 67 0
alpad fill 67 0
DIEAREA all 121 3
NAME metal1/pin 72 0
NAME metal2/pin 73 0
NAME metal3/pin 103 0
NAME metal4/pin 104 0
NAME metal5/pin 105 0
NAME metal6/pin 106 0
NAME metal7/pin 107 0
NAME metal8/pin 107 0
